-- Install dependencies
CREATE EXTENSION plpythonu;
CREATE EXTENSION postgis;
-- Install the extension
CREATE EXTENSION crankshaft VERSION 'dev';
