SET client_min_messages TO WARNING;
\set ECHO none
                  the_geom                  |            h            |           hpop           |      dist      
--------------------------------------------+-------------------------+--------------------------+----------------
 01010000001361C3D32B650140DD24068195B34440 |  1.51078258369747945249 |  12.08626066957983561994 | 4964.714459152
 01010000002497FF907EFB0040713D0AD7A3B04440 | 98.29730954183620807430 | 688.08116679285345652007 |   99.955141922
 0101000000A167B3EA733501401D5A643BDFAF4440 | 63.70532894711274639196 | 382.23197368267647835174 | 2488.330566505
 010100000062A1D634EF380140BE9F1A2FDDB44440 | 35.35415870080995954879 | 176.77079350404979774397 | 4359.370460594
 010100000052B81E85EB510140355EBA490CB24440 | 33.12290506987740864904 | 132.49162027950963459615 | 3703.664449828
 0101000000C286A757CA320140736891ED7CAF4440 | 65.45251754279248087849 | 196.35755262837744263547 | 2512.092358644
 01010000007DD0B359F5390140C976BE9F1AAF4440 | 62.83927792471345639225 | 125.67855584942691278449 |  2926.25725244
 0101000000D237691A140D01407E6FD39FFDB44440 | 53.54905726651871279586 |  53.54905726651871279586 | 3744.515577777
(8 rows)

