SET client_min_messages TO WARNING;
\set ECHO none
       avg_area       
----------------------
 0.000200480682454162
(1 row)

