                 st_astext
-------------------------------------------
 POINT(-409081.865887381 4930017.52075948)
(1 row)

