outlier|rowid
t|11
t|16
t|17
outlier|rowid
t|16
t|17
outlier|rowid
t|8
t|11
t|16
outlier|rowid
t|8
t|9
t|11
t|15
