SET client_min_messages TO WARNING;
\set ECHO none
bin|avg_value
0|280.23070673030491816424178
1|413.81702914846213479025305
2|479.6334491374486884098328
3|529.1545236882183479447113
4|614.1132081424930103122037
(5 rows)
