-- Install dependencies
CREATE EXTENSION plpythonu;
-- Install the extension
CREATE EXTENSION crankshaft;
